/home/psirobot/miniconda3/envs/atomic/lib/python3.11/site-packages/torch/nn/modules/transformer.py:385: UserWarning: enable_nested_tensor is True, but self.use_nested_tensor is False because encoder_layer.norm_first was True
  warnings.warn(
walk generated 120 frames
turn generated 48 frames
[2026-10-10 03:00:09,642][OpenGL.acceleratesupport][INFO] - No OpenGL_accelerate module loaded: No module named 'OpenGL_accelerate'
retarget walk_2010.npz height 0.7675797139951095 0.8059352124086959
retarget walk_2011.npz height 0.7739860785818167 0.8059180100186275
retarget walk_2012.npz height 0.7678863481580286 0.8010195723507575
retarget walk_2013.npz height 0.7676299837519114 0.8102538086639637
retarget walk_2014.npz height 0.7767765986014922 0.8113419335962311
retarget walk_2015.npz height 0.7696844567792076 0.8069227180347215
retarget turn_2010.npz height 0.7751767202984745 0.8278139119413824
retarget turn_2011.npz height 0.7517486438181302 0.8207983782341015
retarget turn_2012.npz height 0.7538562998706297 0.805636254912455
retarget turn_2013.npz height 0.7582504291726685 0.8175857765636728
retarget turn_2014.npz height 0.7507992463447629 0.8128451271900647
retarget turn_2015.npz height 0.7405360141787332 0.8111098113178028
[2026-10-10 03:00:14,132][OpenGL.acceleratesupport][INFO] - No OpenGL_accelerate module loaded: No module named 'OpenGL_accelerate'
full_repeat_20261010 {'complete': True, 'fall_time': None, 'frames': 915, 'duration': 18.28, 'root_height_min': 0.7374881160437632, 'root_end': [-0.13727146664896436, -0.020500458123424263, 0.7840499348610646], 'root_planar_error_final': 0.04879929395242724, 'contact_count': 0, 'state_resets': 1, 'qpos_overwrites_during_rollout': 0, 'controller': 'official SONIC ONNX; frozen encoder/decoder; 1751/994 obs; native torque PD'}
{"complete": true, "fall_time": null, "actual_start_xyz": [0.0, 0.0, 0.7832113867680378], "actual_end_xyz": [-0.13727146664896436, -0.020500458123424263, 0.7840499348610646], "actual_path_m": 4.1991880342483565, "reference_return_distance_m": 0.10753412342413696, "total_yaw_change_deg": 357.7294191017681, "root_reference_final_error_m": 0.04879929395242724, "maximum_pelvis_tilt_deg": 15.574269001884856, "mean_torque_saturation_fraction": 0.007858598053270958, "return_distance_m": 0.13879381952820524, "return_threshold_m": 0.3, "heading_error_deg": 2.2705808982319264, "heading_threshold_deg": 15.0, "return_pass": true, "heading_pass": true, "root_height_min_m": 0.7374881160437632, "root_reference_rmse_m": 0.3222735637632838, "joint_reference_rmse_rad": 0.14741882267068931, "max_joint_limit_violation_rad": 0.0, "max_torque_limit_ratio": 1.0, "nonfoot_ground_contacts": 0, "unsupported_seconds": 0.042, "max_penetration_m": 0.002885819946261507, "mean_contact_slip_m_s": 0.01574637222585533, "peak_contact_slip_m_s": 2.1730966788094297}
[2026-10-10 03:00:23,242][OpenGL.acceleratesupport][INFO] - No OpenGL_accelerate module loaded: No module named 'OpenGL_accelerate'
{"final_hold": {"start_s": 16.28, "seconds": 2.0, "root_drift_m": 0.027640724161441064, "support_min_N": 312.1270609742278, "unsupported_seconds": 0.0, "maximum_distance_from_start_m": 0.1497933446389088, "heading_drift_deg": 0.8695097055765552, "maximum_root_excursion_m": 0.05750206016944723, "final_root_speed_m_s": 0.016767141695799584}}
[2026-10-10 03:00:24,592][OpenGL.acceleratesupport][INFO] - No OpenGL_accelerate module loaded: No module named 'OpenGL_accelerate'
{"reproduction_arrays_equal": true, "acceptance": {"thresholds": {"actual_return_m": 0.3, "final_heading_error_deg": 15, "minimum_final_hold_s": 2}, "actual_return_distance_m": 0.13879381952820524, "final_heading_error_deg": 2.2705808982319264, "actual_turn_angles_deg": {"turn_left_1": 177.40639134010044, "turn_left_2": 175.99022699045162}, "checks": {"exactly_four_segments": true, "completed_without_fall": true, "return_distance": true, "final_heading": true, "two_distinct_left_turns": true, "total_full_left_rotation": true, "supported_transitions": true, "supported_final_hold": true, "remains_near_start_during_hold": true, "bounded_torque": true, "no_joint_limit_violation": true, "no_nonfoot_floor_contact": true, "finite_states": true}, "passed": true}}
Result: /mnt/sda2/frankenmotion/outputs_amass/g1_demo_3_20261010/reproductions/full_repeat_20261010/attempts/full_repeat_20261010
